******************************************************************************
                  MSP430 Linker PC v15.12.3                    
******************************************************************************
>> Linked Sun Dec 10 17:40:14 2017

OUTPUT FILE NAME:   <msp430g2xx3_nrf24l01_write.c.out>
ENTRY POINT SYMBOL: "_c_int00_noargs_noexit"  address: 0000c79a


MEMORY CONFIGURATION

         name            origin    length      used     unused   attr    fill
----------------------  --------  ---------  --------  --------  ----  --------
  SFR                   00000000   00000010  00000000  00000010  RWIX
  PERIPHERALS_8BIT      00000010   000000f0  00000000  000000f0  RWIX
  PERIPHERALS_16BIT     00000100   00000100  00000000  00000100  RWIX
  RAM                   00000200   00000200  0000005b  000001a5  RWIX
  INFOD                 00001000   00000040  00000000  00000040  RWIX
  INFOC                 00001040   00000040  00000000  00000040  RWIX
  INFOB                 00001080   00000040  00000000  00000040  RWIX
  INFOA                 000010c0   00000040  00000000  00000040  RWIX
  FLASH                 0000c000   00003fde  000008da  00003704  RWIX
  BSLSIGNATURE          0000ffde   00000002  00000002  00000000  RWIX  ffff 
  INT00                 0000ffe0   00000002  00000002  00000000  RWIX
  INT01                 0000ffe2   00000002  00000000  00000002  RWIX
  INT02                 0000ffe4   00000002  00000002  00000000  RWIX
  INT03                 0000ffe6   00000002  00000002  00000000  RWIX
  INT04                 0000ffe8   00000002  00000000  00000002  RWIX
  INT05                 0000ffea   00000002  00000002  00000000  RWIX
  INT06                 0000ffec   00000002  00000002  00000000  RWIX
  INT07                 0000ffee   00000002  00000002  00000000  RWIX
  INT08                 0000fff0   00000002  00000002  00000000  RWIX
  INT09                 0000fff2   00000002  00000002  00000000  RWIX
  INT10                 0000fff4   00000002  00000002  00000000  RWIX
  INT11                 0000fff6   00000002  00000002  00000000  RWIX
  INT12                 0000fff8   00000002  00000002  00000000  RWIX
  INT13                 0000fffa   00000002  00000002  00000000  RWIX
  INT14                 0000fffc   00000002  00000002  00000000  RWIX
  RESET                 0000fffe   00000002  00000002  00000000  RWIX


SECTION ALLOCATION MAP

 output                                  attributes/
section   page    origin      length       input sections
--------  ----  ----------  ----------   ----------------
.data      0    00000200    0000000b     UNINITIALIZED
                  00000200    00000005     NRF24L01.obj (.data:RX_ADDRESS)
                  00000205    00000001     --HOLE--
                  00000206    00000005     NRF24L01.obj (.data:TX_ADDRESS)

.stack     0    000003b0    00000050     UNINITIALIZED
                  000003b0    00000002     rts430_eabi.lib : boot.obj (.stack)
                  000003b2    0000004e     --HOLE--

.text      0    0000c000    000008b2     
                  0000c000    00000176     printf-stdarg.obj (.text:print)
                  0000c176    00000170     uscia0_uart.obj (.text:UART_Set)
                  0000c2e6    000000dc     printf-stdarg.obj (.text:printi)
                  0000c3c2    00000084     rts430_eabi.lib : autoinit_wdt.obj (.text:_auto_init_hold_wdt)
                  0000c446    00000080     printf-stdarg.obj (.text:prints)
                  0000c4c6    0000007c     NRF24L01.obj (.text:init_NRF24L01)
                  0000c542    00000078     main_read.obj (.text:main)
                  0000c5ba    00000064     rts430_eabi.lib : copy_decompress_rle.obj (.text:__TI_decompress_rle_core)
                  0000c61e    0000005a                     : cpy_tbl.obj (.text:copy_in)
                  0000c678    00000042     NRF24L01.obj (.text:SPI_RW)
                  0000c6ba    0000003c     NRF24L01.obj (.text:nRF24L01_RxPacket)
                  0000c6f6    00000036     NRF24L01.obj (.text:SPI_Read_Buf)
                  0000c72c    0000002e     NRF24L01.obj (.text:SPI_Write_Buf)
                  0000c75a    00000022     NRF24L01.obj (.text:SetRX_Mode)
                  0000c77c    0000001e     NRF24L01.obj (.text:SPI_RW_Reg)
                  0000c79a    0000001a     rts430_eabi.lib : boot_special.obj (.text:_c_int00_noargs_noexit)
                  0000c7b4    0000001a     printf-stdarg.obj (.text:printchar)
                  0000c7ce    00000016     rts430_eabi.lib : div16u.obj (.text)
                  0000c7e4    00000014     NRF24L01.obj (.text:SPI_Read)
                  0000c7f8    00000014     rts430_eabi.lib : memset.obj (.text:memset)
                  0000c80c    00000014                     : mult16.obj (.text)
                  0000c820    00000012                     : copy_decompress_none.obj (.text:decompress:none:__TI_decompress_none)
                  0000c832    00000012                     : memcpy.obj (.text:memcpy)
                  0000c844    00000010     printf-stdarg.obj (.text:printf)
                  0000c854    00000010     rts430_eabi.lib : epilog.obj (.text)
                  0000c864    0000000e     NRF24L01.obj (.text:NRF24L01_IO_config)
                  0000c872    0000000e     main_read.obj (.text:USCI0RX_ISR)
                  0000c880    0000000c     uscia0_uart.obj (.text:UART_sent)
                  0000c88c    0000000c     uscia0_uart.obj (.text:putchar)
                  0000c898    00000008     rts430_eabi.lib : isr_trap.obj (.text:_isr:__TI_ISR_TRAP)
                  0000c8a0    00000006                     : exit.obj (.text:abort)
                  0000c8a6    00000006                     : copy_decompress_rle.obj (.text:decompress:rle24:__TI_decompress_rle24)
                  0000c8ac    00000004                     : pre_init.obj (.text:_system_pre_init)
                  0000c8b0    00000002                     : startup.obj (.text:_system_post_cinit)

.binit     0    0000c000    00000000     

.const     0    0000c8b2    00000010     
                  0000c8b2    00000008     main_read.obj (.const:.string)
                  0000c8ba    00000008     printf-stdarg.obj (.const:.string)

.cinit     0    0000c8c2    00000018     
                  0000c8c2    0000000f     (.cinit..data.load) [load image]
                  0000c8d1    00000001     --HOLE-- [fill = 0]
                  0000c8d2    00000004     (__TI_handler_table)
                  0000c8d6    00000004     (__TI_cinit_table)

.init_array 
*          0    0000c000    00000000     UNINITIALIZED

TRAPINT    0    0000ffe0    00000002     
                  0000ffe0    00000002     rts430_eabi.lib : int00.obj (.int00)

PORT1      0    0000ffe4    00000002     
                  0000ffe4    00000002     rts430_eabi.lib : int02.obj (.int02)

PORT2      0    0000ffe6    00000002     
                  0000ffe6    00000002     rts430_eabi.lib : int03.obj (.int03)

$fill000   0    0000ffde    00000002     
                  0000ffde    00000002     --HOLE-- [fill = ffff]

ADC10      0    0000ffea    00000002     
                  0000ffea    00000002     rts430_eabi.lib : int05.obj (.int05)

USCIAB0TX 
*          0    0000ffec    00000002     
                  0000ffec    00000002     rts430_eabi.lib : int06.obj (.int06)

USCIAB0RX 
*          0    0000ffee    00000002     
                  0000ffee    00000002     main_read.obj (.int07)

TIMER0_A1 
*          0    0000fff0    00000002     
                  0000fff0    00000002     rts430_eabi.lib : int08.obj (.int08)

TIMER0_A0 
*          0    0000fff2    00000002     
                  0000fff2    00000002     rts430_eabi.lib : int09.obj (.int09)

WDT        0    0000fff4    00000002     
                  0000fff4    00000002     rts430_eabi.lib : int10.obj (.int10)

COMPARATORA 
*          0    0000fff6    00000002     
                  0000fff6    00000002     rts430_eabi.lib : int11.obj (.int11)

TIMER1_A1 
*          0    0000fff8    00000002     
                  0000fff8    00000002     rts430_eabi.lib : int12.obj (.int12)

TIMER1_A0 
*          0    0000fffa    00000002     
                  0000fffa    00000002     rts430_eabi.lib : int13.obj (.int13)

NMI        0    0000fffc    00000002     
                  0000fffc    00000002     rts430_eabi.lib : int14.obj (.int14)

.reset     0    0000fffe    00000002     
                  0000fffe    00000002     rts430_eabi.lib : boot.obj (.reset)

MODULE SUMMARY

       Module                     code   ro data   rw data
       ------                     ----   -------   -------
    .\
       printf-stdarg.obj          764    8         0      
       main_read.obj              134    10        0      
    +--+--------------------------+------+---------+---------+
       Total:                     898    18        0      
                                                          
    .\NRF24L01_dev\
       NRF24L01.obj               448    0         10     
    +--+--------------------------+------+---------+---------+
       Total:                     448    0         10     
                                                          
    .\uart\
       uscia0_uart.obj            392    0         0      
    +--+--------------------------+------+---------+---------+
       Total:                     392    0         0      
                                                          
    D:\ti\ccsv6\tools\compiler\msp430_15.12.3.LTS\lib\rts430_eabi.lib
       autoinit_wdt.obj           132    0         0      
       copy_decompress_rle.obj    106    0         0      
       cpy_tbl.obj                90     0         0      
       boot_special.obj           26     0         0      
       div16u.obj                 22     0         0      
       memset.obj                 20     0         0      
       mult16.obj                 20     0         0      
       copy_decompress_none.obj   18     0         0      
       memcpy.obj                 18     0         0      
       epilog.obj                 16     0         0      
       isr_trap.obj               8      0         0      
       exit.obj                   6      0         0      
       pre_init.obj               4      0         0      
       boot.obj                   0      2         0      
       int00.obj                  0      2         0      
       int02.obj                  0      2         0      
       int03.obj                  0      2         0      
       int05.obj                  0      2         0      
       int06.obj                  0      2         0      
       int08.obj                  0      2         0      
       int09.obj                  0      2         0      
       int10.obj                  0      2         0      
       int11.obj                  0      2         0      
       int12.obj                  0      2         0      
       int13.obj                  0      2         0      
       int14.obj                  0      2         0      
       startup.obj                2      0         0      
    +--+--------------------------+------+---------+---------+
       Total:                     488    26        0      
                                                          
       Stack:                     0      0         80     
       Linker Generated:          0      23        0      
    +--+--------------------------+------+---------+---------+
       Grand Total:               2226   67        90     


LINKER GENERATED COPY TABLES

__TI_cinit_table @ 0000c8d6 records: 1, size/record: 4, table size: 4
	.data: load addr=0000c8c2, load size=0000000f bytes, run addr=00000200, run size=0000000b bytes, compression=copy


LINKER GENERATED HANDLER TABLE

__TI_handler_table @ 0000c8d2 records: 2, size/record: 2, table size: 4
	index: 0, handler: __TI_decompress_rle24
	index: 1, handler: __TI_decompress_none


GLOBAL SYMBOLS: SORTED ALPHABETICALLY BY Name 

address   name                    
-------   ----                    
0000004a  ADC10AE0                
000001b0  ADC10CTL0               
000001b2  ADC10CTL1               
00000048  ADC10DTC0               
00000049  ADC10DTC1               
000001b4  ADC10MEM                
000001bc  ADC10SA                 
00000057  BCSCTL1                 
00000058  BCSCTL2                 
00000053  BCSCTL3                 
0000c8a0  C$$EXIT                 
00000059  CACTL1                  
0000005a  CACTL2                  
000010fb  CALBC1_12MHZ            
000010f9  CALBC1_16MHZ            
000010ff  CALBC1_1MHZ             
000010fd  CALBC1_8MHZ             
000010fa  CALDCO_12MHZ            
000010f8  CALDCO_16MHZ            
000010fe  CALDCO_1MHZ             
000010fc  CALDCO_8MHZ             
0000005b  CAPD                    
00000056  DCOCTL                  
00000128  FCTL1                   
0000012a  FCTL2                   
0000012c  FCTL3                   
00000000  IE1                     
00000001  IE2                     
00000002  IFG1                    
00000003  IFG2                    
0000c864  NRF24L01_IO_config      
00000022  P1DIR                   
00000025  P1IE                    
00000024  P1IES                   
00000023  P1IFG                   
00000020  P1IN                    
00000021  P1OUT                   
00000027  P1REN                   
00000026  P1SEL                   
00000041  P1SEL2                  
0000002a  P2DIR                   
0000002d  P2IE                    
0000002c  P2IES                   
0000002b  P2IFG                   
00000028  P2IN                    
00000029  P2OUT                   
0000002f  P2REN                   
0000002e  P2SEL                   
00000042  P2SEL2                  
0000001a  P3DIR                   
00000018  P3IN                    
00000019  P3OUT                   
00000010  P3REN                   
0000001b  P3SEL                   
00000043  P3SEL2                  
00000200  RX_ADDRESS              
0000c678  SPI_RW                  
0000c77c  SPI_RW_Reg              
0000c7e4  SPI_Read                
0000c6f6  SPI_Read_Buf            
0000c72c  SPI_Write_Buf           
0000c75a  SetRX_Mode              
00000172  TA0CCR0                 
00000174  TA0CCR1                 
00000176  TA0CCR2                 
00000162  TA0CCTL0                
00000164  TA0CCTL1                
00000166  TA0CCTL2                
00000160  TA0CTL                  
0000012e  TA0IV                   
00000170  TA0R                    
00000192  TA1CCR0                 
00000194  TA1CCR1                 
00000196  TA1CCR2                 
00000182  TA1CCTL0                
00000184  TA1CCTL1                
00000186  TA1CCTL2                
00000180  TA1CTL                  
0000011e  TA1IV                   
00000190  TA1R                    
000010db  TLV_ADC10_1_LEN         
000010da  TLV_ADC10_1_TAG         
000010c0  TLV_CHECKSUM            
000010f7  TLV_DCO_30_LEN          
000010f6  TLV_DCO_30_TAG          
00000206  TX_ADDRESS              
0000c176  UART_Set                
0000c880  UART_sent               
0000005d  UCA0ABCTL               
00000062  UCA0BR0                 
00000063  UCA0BR1                 
00000060  UCA0CTL0                
00000061  UCA0CTL1                
0000005f  UCA0IRRCTL              
0000005e  UCA0IRTCTL              
00000064  UCA0MCTL                
00000066  UCA0RXBUF               
00000065  UCA0STAT                
00000067  UCA0TXBUF               
0000006a  UCB0BR0                 
0000006b  UCB0BR1                 
00000068  UCB0CTL0                
00000069  UCB0CTL1                
0000006c  UCB0I2CIE               
00000118  UCB0I2COA               
0000011a  UCB0I2CSA               
0000006e  UCB0RXBUF               
0000006d  UCB0STAT                
0000006f  UCB0TXBUF               
0000c872  USCI0RX_ISR             
00000120  WDTCTL                  
00000400  __STACK_END             
00000050  __STACK_SIZE            
UNDEFED   __TI_BINIT_Base         
UNDEFED   __TI_BINIT_Limit        
0000c8d6  __TI_CINIT_Base         
0000c8da  __TI_CINIT_Limit        
0000c8d2  __TI_Handler_Table_Base 
0000c8d6  __TI_Handler_Table_Limit
UNDEFED   __TI_INITARRAY_Base     
UNDEFED   __TI_INITARRAY_Limit    
0000c898  __TI_ISR_TRAP           
0000c820  __TI_decompress_none    
0000c8a6  __TI_decompress_rle24   
0000ffe0  __TI_int00              
0000ffe4  __TI_int02              
0000ffe6  __TI_int03              
0000ffea  __TI_int05              
0000ffec  __TI_int06              
0000ffee  __TI_int07              
0000fff0  __TI_int08              
0000fff2  __TI_int09              
0000fff4  __TI_int10              
0000fff6  __TI_int11              
0000fff8  __TI_int12              
0000fffa  __TI_int13              
0000fffc  __TI_int14              
ffffffff  __TI_pprof_out_hndl     
ffffffff  __TI_prof_data_size     
ffffffff  __TI_prof_data_start    
ffffffff  __c_args__              
0000c7ce  __mspabi_divu           
0000c860  __mspabi_func_epilog_1  
0000c85e  __mspabi_func_epilog_2  
0000c85c  __mspabi_func_epilog_3  
0000c85a  __mspabi_func_epilog_4  
0000c858  __mspabi_func_epilog_5  
0000c856  __mspabi_func_epilog_6  
0000c854  __mspabi_func_epilog_7  
0000c80c  __mspabi_mpyi           
0000c80c  __mspabi_mpyi_sw        
0000c7ce  __mspabi_remu           
0000c3c2  _auto_init_hold_wdt     
0000c79a  _c_int00_noargs_noexit  
0000fffe  _reset_vector           
000003b0  _stack                  
0000c8b0  _system_post_cinit      
0000c8ac  _system_pre_init        
0000c8a0  abort                   
0000c61e  copy_in                 
0000c4c6  init_NRF24L01           
0000c542  main                    
0000c832  memcpy                  
0000c7f8  memset                  
0000c6ba  nRF24L01_RxPacket       
0000c844  printf                  
0000c88c  putchar                 


GLOBAL SYMBOLS: SORTED BY Symbol Address 

address   name                    
-------   ----                    
00000000  IE1                     
00000001  IE2                     
00000002  IFG1                    
00000003  IFG2                    
00000010  P3REN                   
00000018  P3IN                    
00000019  P3OUT                   
0000001a  P3DIR                   
0000001b  P3SEL                   
00000020  P1IN                    
00000021  P1OUT                   
00000022  P1DIR                   
00000023  P1IFG                   
00000024  P1IES                   
00000025  P1IE                    
00000026  P1SEL                   
00000027  P1REN                   
00000028  P2IN                    
00000029  P2OUT                   
0000002a  P2DIR                   
0000002b  P2IFG                   
0000002c  P2IES                   
0000002d  P2IE                    
0000002e  P2SEL                   
0000002f  P2REN                   
00000041  P1SEL2                  
00000042  P2SEL2                  
00000043  P3SEL2                  
00000048  ADC10DTC0               
00000049  ADC10DTC1               
0000004a  ADC10AE0                
00000050  __STACK_SIZE            
00000053  BCSCTL3                 
00000056  DCOCTL                  
00000057  BCSCTL1                 
00000058  BCSCTL2                 
00000059  CACTL1                  
0000005a  CACTL2                  
0000005b  CAPD                    
0000005d  UCA0ABCTL               
0000005e  UCA0IRTCTL              
0000005f  UCA0IRRCTL              
00000060  UCA0CTL0                
00000061  UCA0CTL1                
00000062  UCA0BR0                 
00000063  UCA0BR1                 
00000064  UCA0MCTL                
00000065  UCA0STAT                
00000066  UCA0RXBUF               
00000067  UCA0TXBUF               
00000068  UCB0CTL0                
00000069  UCB0CTL1                
0000006a  UCB0BR0                 
0000006b  UCB0BR1                 
0000006c  UCB0I2CIE               
0000006d  UCB0STAT                
0000006e  UCB0RXBUF               
0000006f  UCB0TXBUF               
00000118  UCB0I2COA               
0000011a  UCB0I2CSA               
0000011e  TA1IV                   
00000120  WDTCTL                  
00000128  FCTL1                   
0000012a  FCTL2                   
0000012c  FCTL3                   
0000012e  TA0IV                   
00000160  TA0CTL                  
00000162  TA0CCTL0                
00000164  TA0CCTL1                
00000166  TA0CCTL2                
00000170  TA0R                    
00000172  TA0CCR0                 
00000174  TA0CCR1                 
00000176  TA0CCR2                 
00000180  TA1CTL                  
00000182  TA1CCTL0                
00000184  TA1CCTL1                
00000186  TA1CCTL2                
00000190  TA1R                    
00000192  TA1CCR0                 
00000194  TA1CCR1                 
00000196  TA1CCR2                 
000001b0  ADC10CTL0               
000001b2  ADC10CTL1               
000001b4  ADC10MEM                
000001bc  ADC10SA                 
00000200  RX_ADDRESS              
00000206  TX_ADDRESS              
000003b0  _stack                  
00000400  __STACK_END             
000010c0  TLV_CHECKSUM            
000010da  TLV_ADC10_1_TAG         
000010db  TLV_ADC10_1_LEN         
000010f6  TLV_DCO_30_TAG          
000010f7  TLV_DCO_30_LEN          
000010f8  CALDCO_16MHZ            
000010f9  CALBC1_16MHZ            
000010fa  CALDCO_12MHZ            
000010fb  CALBC1_12MHZ            
000010fc  CALDCO_8MHZ             
000010fd  CALBC1_8MHZ             
000010fe  CALDCO_1MHZ             
000010ff  CALBC1_1MHZ             
0000c176  UART_Set                
0000c3c2  _auto_init_hold_wdt     
0000c4c6  init_NRF24L01           
0000c542  main                    
0000c61e  copy_in                 
0000c678  SPI_RW                  
0000c6ba  nRF24L01_RxPacket       
0000c6f6  SPI_Read_Buf            
0000c72c  SPI_Write_Buf           
0000c75a  SetRX_Mode              
0000c77c  SPI_RW_Reg              
0000c79a  _c_int00_noargs_noexit  
0000c7ce  __mspabi_divu           
0000c7ce  __mspabi_remu           
0000c7e4  SPI_Read                
0000c7f8  memset                  
0000c80c  __mspabi_mpyi           
0000c80c  __mspabi_mpyi_sw        
0000c820  __TI_decompress_none    
0000c832  memcpy                  
0000c844  printf                  
0000c854  __mspabi_func_epilog_7  
0000c856  __mspabi_func_epilog_6  
0000c858  __mspabi_func_epilog_5  
0000c85a  __mspabi_func_epilog_4  
0000c85c  __mspabi_func_epilog_3  
0000c85e  __mspabi_func_epilog_2  
0000c860  __mspabi_func_epilog_1  
0000c864  NRF24L01_IO_config      
0000c872  USCI0RX_ISR             
0000c880  UART_sent               
0000c88c  putchar                 
0000c898  __TI_ISR_TRAP           
0000c8a0  C$$EXIT                 
0000c8a0  abort                   
0000c8a6  __TI_decompress_rle24   
0000c8ac  _system_pre_init        
0000c8b0  _system_post_cinit      
0000c8d2  __TI_Handler_Table_Base 
0000c8d6  __TI_CINIT_Base         
0000c8d6  __TI_Handler_Table_Limit
0000c8da  __TI_CINIT_Limit        
0000ffe0  __TI_int00              
0000ffe4  __TI_int02              
0000ffe6  __TI_int03              
0000ffea  __TI_int05              
0000ffec  __TI_int06              
0000ffee  __TI_int07              
0000fff0  __TI_int08              
0000fff2  __TI_int09              
0000fff4  __TI_int10              
0000fff6  __TI_int11              
0000fff8  __TI_int12              
0000fffa  __TI_int13              
0000fffc  __TI_int14              
0000fffe  _reset_vector           
ffffffff  __TI_pprof_out_hndl     
ffffffff  __TI_prof_data_size     
ffffffff  __TI_prof_data_start    
ffffffff  __c_args__              
UNDEFED   __TI_BINIT_Base         
UNDEFED   __TI_BINIT_Limit        
UNDEFED   __TI_INITARRAY_Base     
UNDEFED   __TI_INITARRAY_Limit    

[167 symbols]
